[simgeotokiralama.com/index.html]
[backblue.gif]
[fade.gif]
[index.html]
[simgeotokiralama.com/wp-content/plugins/yith-woocommerce-wishlist/assets/css/jquery.selectBox7359.css]
[simgeotokiralama.com/wp-content/plugins/yith-woocommerce-wishlist/assets/css/font-awesome1849.css]
[simgeotokiralama.com/wp-content/plugins/woocommerce/assets/css/prettyPhoto005e.css]
[simgeotokiralama.com/feed/index.html]
[simgeotokiralama.com/comments/feed/index.html]
[simgeotokiralama.com/wp-content/plugins/yith-woocommerce-wishlist/assets/css/stylee7a7.css]
[simgeotokiralama.com/wp-content/plugins/contact-form-7/includes/css/stylesd9cd.css]
[simgeotokiralama.com/wp-content/plugins/woocommerce/assets/css/woocommerce-layout27f0.css]
[simgeotokiralama.com/wp-content/plugins/woocommerce/assets/css/woocommerce-smallscreen27f0.css]
[simgeotokiralama.com/wp-content/plugins/woocommerce/assets/css/woocommerce27f0.css]
[simgeotokiralama.com/wp-content/plugins/yith-woocommerce-compare/assets/css/colorbox13ac.css]
[simgeotokiralama.com/wp-content/plugins/yith-woocommerce-quick-view/assets/css/yith-quick-view9793.css]
[simgeotokiralama.com/wp-content/themes/bosa/assets/bootstrap/css/bootstrap.min380f.css]
[simgeotokiralama.com/wp-content/themes/bosa/assets/slick/slick380f.css]
[simgeotokiralama.com/wp-content/themes/bosa/assets/css/slicknav.min380f.css]
[simgeotokiralama.com/wp-content/themes/bosa/assets/slick/slick-theme380f.css]
[simgeotokiralama.com/wp-content/themes/bosa/assets/font-awesome/css/all.min380f.css]
[simgeotokiralama.com/wp-content/themes/bosa/assets/css/blocks.min380f.css]
[simgeotokiralama.com/wp-content/themes/bosa/style380f.css]
[simgeotokiralama.com/wp-content/fonts/34717091035465d3100dc15b47f9ef00380f.css]
[simgeotokiralama.com/wp-content/fonts/cbebbb9a142c05f64afe54a72a6fe1fa380f.css]
[simgeotokiralama.com/wp-content/themes/bosa-rental-car/style380f.css]
[simgeotokiralama.com/wp-content/plugins/elementskit-lite/modules/elementskit-icon-pack/assets/css/ekiticonsaeb9.css]
[simgeotokiralama.com/wp-content/plugins/elementor/assets/css/frontend-lite.min1cb5.css]
[simgeotokiralama.com/wp-content/plugins/elementor/assets/lib/swiper/v8/css/swiper.min94a4.css]
[simgeotokiralama.com/wp-content/uploads/elementor/css/post-1441c9.css]
[simgeotokiralama.com/wp-content/uploads/elementor/css/global41c9.css]
[simgeotokiralama.com/wp-content/uploads/elementor/css/post-69a499.css]
[simgeotokiralama.com/wp-content/plugins/elementskit-lite/widgets/init/assets/css/widget-stylesaeb9.css]
[simgeotokiralama.com/wp-content/plugins/elementskit-lite/widgets/init/assets/css/responsiveaeb9.css]
[simgeotokiralama.com/wp-includes/js/jquery/jquery.minf43b.js]
[simgeotokiralama.com/wp-includes/js/jquery/jquery-migrate.min5589.js]
[simgeotokiralama.com/wp-content/plugins/woocommerce/assets/js/jquery-blockui/jquery.blockUI.mince95.js]
[simgeotokiralama.com/wp-content/plugins/woocommerce/assets/js/frontend/add-to-cart.min27f0.js]
[simgeotokiralama.com/wp-content/plugins/woocommerce/assets/js/js-cookie/js.cookie.mina39c.js]
[simgeotokiralama.com/wp-content/plugins/woocommerce/assets/js/frontend/woocommerce.min27f0.js]
[simgeotokiralama.com/wp-json/index.html]
[simgeotokiralama.com/wp-json/wp/v2/pages/69.json]
[simgeotokiralama.com/xmlrpc0db0.php]
[simgeotokiralama.com/wp-json/oembed/1.0/embed8fc7.json]
[simgeotokiralama.com/wp-json/oembed/1.0/embed3126]
[simgeotokiralama.com/wp-content/uploads/2024/05/cropped-favicon-32x32.png]
[simgeotokiralama.com/wp-content/uploads/2024/05/cropped-favicon-192x192.png]
[simgeotokiralama.com/wp-content/uploads/2024/05/cropped-favicon-180x180.png]
[simgeotokiralama.com/wp-content/fonts/poppins/pxiEyp8kv8JHgFVrJJnecmNE.woff2]
[simgeotokiralama.com/wp-content/fonts/poppins/pxiEyp8kv8JHgFVrJJfecg.woff2]
[simgeotokiralama.com/wp-content/fonts/poppins/pxiByp8kv8JHgFVrLGT9Z1JlFc-K.woff2]
[simgeotokiralama.com/wp-content/fonts/poppins/pxiByp8kv8JHgFVrLGT9Z1xlFQ.woff2]
[simgeotokiralama.com/wp-content/fonts/poppins/pxiByp8kv8JHgFVrLEj6Z1JlFc-K.woff2]
[simgeotokiralama.com/wp-content/fonts/poppins/pxiByp8kv8JHgFVrLEj6Z1xlFQ.woff2]
[simgeotokiralama.com/wp-content/fonts/jost/92zatBhPNqw73oDd4iYl.woff2]
[simgeotokiralama.com/wp-content/fonts/jost/92zatBhPNqw73ord4iYl.woff2]
[simgeotokiralama.com/wp-content/fonts/jost/92zatBhPNqw73oTd4g.woff2]
[simgeotokiralama.com/wp-content/fonts/open-sans/memvYaGs126MiZpBA-UvWbX2vVnXBbObj2OVTSKmu1aB.woff2]
[simgeotokiralama.com/wp-content/fonts/open-sans/memvYaGs126MiZpBA-UvWbX2vVnXBbObj2OVTSumu1aB.woff2]
[simgeotokiralama.com/wp-content/fonts/open-sans/memvYaGs126MiZpBA-UvWbX2vVnXBbObj2OVTSOmu1aB.woff2]
[simgeotokiralama.com/wp-content/fonts/open-sans/memvYaGs126MiZpBA-UvWbX2vVnXBbObj2OVTSymu1aB.woff2]
[simgeotokiralama.com/wp-content/fonts/open-sans/memvYaGs126MiZpBA-UvWbX2vVnXBbObj2OVTS2mu1aB.woff2]
[simgeotokiralama.com/wp-content/fonts/open-sans/memvYaGs126MiZpBA-UvWbX2vVnXBbObj2OVTVOmu1aB.woff2]
[simgeotokiralama.com/wp-content/fonts/open-sans/memvYaGs126MiZpBA-UvWbX2vVnXBbObj2OVTUGmu1aB.woff2]
[simgeotokiralama.com/wp-content/fonts/open-sans/memvYaGs126MiZpBA-UvWbX2vVnXBbObj2OVTSCmu1aB.woff2]
[simgeotokiralama.com/wp-content/fonts/open-sans/memvYaGs126MiZpBA-UvWbX2vVnXBbObj2OVTSGmu1aB.woff2]
[simgeotokiralama.com/wp-content/fonts/open-sans/memvYaGs126MiZpBA-UvWbX2vVnXBbObj2OVTS-muw.woff2]
[simgeotokiralama.com/wp-content/themes/bosa/assets/images/preloader1.gif]
[simgeotokiralama.com/wp-content/uploads/2024/05/logo.png]
[simgeotokiralama.com/wp-content/uploads/2024/05/audi-a4-1-1024x615.png]
[simgeotokiralama.com/wp-content/uploads/2024/05/handshake-724x1024.jpg]
[demo.bosathemes.com/bosa/rental-car/wp-content/uploads/sites/90/2023/12/image09.jpg]
[simgeotokiralama.com/musteri-yorumlari/index.html]
[simgeotokiralama.com/hakkimizda/index.html]
[simgeotokiralama.com/filomuz/index.html]
[simgeotokiralama.com/wp-content/plugins/elementor/assets/css/widget-icon-box.min.css]
[simgeotokiralama.com/wp-content/plugins/elementor/assets/css/widget-icon-list.min.css]
[simgeotokiralama.com/wp-content/uploads/2024/05/valkswagen-passat.png]
[simgeotokiralama.com/wp-content/uploads/2024/05/audi-a4.png]
[simgeotokiralama.com/wp-content/uploads/2024/05/hyundai-i20.png]
[simgeotokiralama.com/wp-content/uploads/2024/05/dacia-duster.png]
[simgeotokiralama.com/sikca-sorulan-sorular/index.html]
[simgeotokiralama.com/wp-content/uploads/2024/05/peugeot-301.png]
[simgeotokiralama.com/wp-content/uploads/2024/05/mercedes-c.png]
[simgeotokiralama.com/wp-content/uploads/2024/05/woman-icon.png]
[simgeotokiralama.com/iletisim/index.html]
[simgeotokiralama.com/wp-content/uploads/2024/05/man-icon.png]
[simgeotokiralama.com/cdn-cgi/l/email-protection.html]
[simgeotokiralama.com/wp-content/uploads/2024/05/logo-white.png]
[simgeotokiralama.com/cdn-cgi/scripts/5c5dd728/cloudflare-static/email-decode.min.js]
[simgeotokiralama.com/wp-content/plugins/woocommerce/assets/client/blocks/wc-blocks144e.css]
[simgeotokiralama.com/wp-content/plugins/woocommerce/assets/css/photoswipe/photoswipe.min27f0.css]
[simgeotokiralama.com/wp-content/plugins/woocommerce/assets/css/photoswipe/default-skin/default-skin.min27f0.css]
[simgeotokiralama.com/wp-content/plugins/bosa-elementor-for-woocommerce/assets/css/owl-carousel-min380f.css]
[simgeotokiralama.com/wp-content/plugins/bosa-elementor-for-woocommerce/assets/css/owl.theme.default.min380f.css]
[simgeotokiralama.com/wp-content/plugins/bosa-elementor-for-woocommerce/assets/style380f.css]
[simgeotokiralama.com/wp-content/plugins/yith-woocommerce-wishlist/assets/js/jquery.selectBox.min7359.js]
[simgeotokiralama.com/wp-content/plugins/woocommerce/assets/js/prettyPhoto/jquery.prettyPhoto.min005e.js]
[simgeotokiralama.com/wp-content/plugins/yith-woocommerce-wishlist/assets/js/jquery.yith-wcwl.mine7a7.js]
[simgeotokiralama.com/wp-content/plugins/contact-form-7/includes/swv/js/indexd9cd.js]
[simgeotokiralama.com/wp-content/plugins/contact-form-7/includes/js/indexd9cd.js]
[simgeotokiralama.com/wp-content/plugins/woocommerce/assets/js/sourcebuster/sourcebuster.min27f0.js]
[simgeotokiralama.com/wp-content/plugins/woocommerce/assets/js/frontend/order-attribution.min27f0.js]
[simgeotokiralama.com/wp-content/plugins/yith-woocommerce-compare/assets/js/woocompare.minf15c.js]
[simgeotokiralama.com/wp-content/plugins/yith-woocommerce-compare/assets/js/jquery.colorbox-min13ac.js]
[simgeotokiralama.com/wp-content/plugins/yith-woocommerce-quick-view/assets/js/frontend.min9793.js]
[simgeotokiralama.com/wp-includes/js/imagesloaded.minbb93.js]
[simgeotokiralama.com/wp-includes/js/masonry.min3a05.js]
[simgeotokiralama.com/wp-includes/js/jquery/jquery.masonry.minef70.js]
[simgeotokiralama.com/wp-content/themes/bosa/assets/bootstrap/js/bootstrap.min661b.js]
[simgeotokiralama.com/wp-content/themes/bosa/assets/slick/slick.min661b.js]
[simgeotokiralama.com/wp-content/themes/bosa/assets/js/jquery.slicknav.min661b.js]
[simgeotokiralama.com/wp-content/themes/bosa/assets/js/skip-link-focus-fix661b.js]
[simgeotokiralama.com/wp-content/themes/bosa/assets/js/navigation661b.js]
[simgeotokiralama.com/wp-content/themes/bosa/assets/js/theia-sticky-sidebar.min661b.js]
[simgeotokiralama.com/wp-content/themes/bosa/assets/js/html5shiv.min661b.js]
[simgeotokiralama.com/wp-content/themes/bosa/assets/js/custom.min661b.js]
[simgeotokiralama.com/wp-content/plugins/elementskit-lite/libs/framework/assets/js/frontend-scriptaeb9.js]
[simgeotokiralama.com/wp-content/plugins/elementskit-lite/widgets/init/assets/js/widget-scriptsaeb9.js]
[simgeotokiralama.com/wp-content/plugins/elementor/assets/lib/jquery-numerator/jquery-numerator.min3958.js]
[simgeotokiralama.com/wp-includes/js/underscore.mind584.js]
[simgeotokiralama.com/wp-includes/js/wp-util.min380f.js]
[simgeotokiralama.com/wp-content/plugins/woocommerce/assets/js/frontend/add-to-cart-variation.min27f0.js]
[simgeotokiralama.com/wp-content/plugins/woocommerce/assets/js/zoom/jquery.zoom.min5d7c.js]
[simgeotokiralama.com/wp-content/plugins/woocommerce/assets/js/photoswipe/photoswipe.min6ace.js]
[simgeotokiralama.com/wp-content/plugins/woocommerce/assets/js/photoswipe/photoswipe-ui-default.min6ace.js]
[simgeotokiralama.com/wp-content/plugins/woocommerce/assets/js/frontend/single-product.min27f0.js]
[simgeotokiralama.com/wp-content/plugins/elementor/assets/js/webpack.runtime.min1cb5.js]
[simgeotokiralama.com/wp-content/plugins/elementor/assets/js/frontend-modules.min1cb5.js]
[simgeotokiralama.com/wp-content/plugins/elementor/assets/lib/waypoints/waypoints.min05da.js]
[simgeotokiralama.com/wp-includes/js/jquery/ui/core.min3f14.js]
[simgeotokiralama.com/wp-content/plugins/elementor/assets/js/frontend.min1cb5.js]
[simgeotokiralama.com/wp-content/plugins/elementskit-lite/widgets/init/assets/js/animate-circle.minaeb9.js]
[simgeotokiralama.com/wp-content/plugins/elementskit-lite/widgets/init/assets/js/elementoraeb9.js]
[simgeotokiralama.com/wp-content/plugins/bosa-elementor-for-woocommerce/assets/js/owl.carousel.min380f.js]
[simgeotokiralama.com/index.html]
[simgeotokiralama.com/wp-content/plugins/bosa-elementor-for-woocommerce/assets/js/bew-admin-script380f.js]
[simgeotokiralama.com/wp-content/plugins/yith-woocommerce-wishlist/assets/images/jquery.selectBox-arrow.gif]
[simgeotokiralama.com/wp-content/plugins/yith-woocommerce-wishlist/assets/css/jquery.selectBox7359.css]
[simgeotokiralama.com/wp-content/plugins/yith-woocommerce-wishlist/assets/fonts/fontawesome-webfont3e6e.eot]
[simgeotokiralama.com/wp-content/plugins/yith-woocommerce-wishlist/assets/fonts/fontawesome-webfontd41d.eot]
[simgeotokiralama.com/wp-content/plugins/yith-woocommerce-wishlist/assets/fonts/fontawesome-webfont3e6e.woff2]
[simgeotokiralama.com/wp-content/plugins/yith-woocommerce-wishlist/assets/fonts/fontawesome-webfont3e6e.woff]
[simgeotokiralama.com/wp-content/plugins/yith-woocommerce-wishlist/assets/fonts/fontawesome-webfont3e6e.ttf]
[simgeotokiralama.com/wp-content/plugins/yith-woocommerce-wishlist/assets/css/font-awesome1849.css]
[simgeotokiralama.com/wp-content/plugins/woocommerce/assets/fonts/WooCommerce.woff2]
[simgeotokiralama.com/wp-content/plugins/woocommerce/assets/fonts/WooCommerce.woff]
[simgeotokiralama.com/wp-content/plugins/yith-woocommerce-wishlist/assets/fonts/fontawesome-webfont3e6e.svg]
[simgeotokiralama.com/wp-content/plugins/woocommerce/assets/css/prettyPhoto005e.css]
[simgeotokiralama.com/wp-content/plugins/woocommerce/assets/images/icons/loader.svg]
[simgeotokiralama.com/wp-content/plugins/woocommerce/assets/fonts/WooCommerce.ttf]
[simgeotokiralama.com/wp-content/plugins/yith-woocommerce-wishlist/assets/images/jquery.selectBox-arrow.png]
[simgeotokiralama.com/wp-content/plugins/yith-woocommerce-wishlist/assets/css/stylee7a7.css]
[simgeotokiralama.com/wp-content/plugins/contact-form-7/includes/css/stylesd9cd.css]
[simgeotokiralama.com/wp-content/plugins/woocommerce/assets/css/woocommerce-layout27f0.css]
[simgeotokiralama.com/wp-content/plugins/woocommerce/assets/css/woocommerce-smallscreen27f0.css]
[simgeotokiralama.com/wp-content/plugins/woocommerce/assets/images/icons/credit-cards/visa.svg]
[simgeotokiralama.com/wp-content/plugins/woocommerce/assets/images/icons/credit-cards/mastercard.svg]
[simgeotokiralama.com/wp-content/plugins/woocommerce/assets/images/icons/credit-cards/laser.svg]
[simgeotokiralama.com/wp-content/plugins/woocommerce/assets/images/icons/credit-cards/diners.svg]
[simgeotokiralama.com/wp-content/plugins/woocommerce/assets/images/icons/credit-cards/maestro.svg]
[simgeotokiralama.com/wp-content/plugins/woocommerce/assets/images/icons/credit-cards/jcb.svg]
[simgeotokiralama.com/wp-content/plugins/woocommerce/assets/images/icons/credit-cards/amex.svg]
[simgeotokiralama.com/wp-content/plugins/woocommerce/assets/css/woocommerce27f0.css]
[simgeotokiralama.com/wp-content/plugins/woocommerce/assets/images/icons/credit-cards/discover.svg]
[simgeotokiralama.com/wp-content/plugins/yith-woocommerce-compare/assets/images/colorbox/controls.png]
[simgeotokiralama.com/wp-content/plugins/yith-woocommerce-compare/assets/images/colorbox/border.png]
[simgeotokiralama.com/wp-content/plugins/yith-woocommerce-compare/assets/images/colorbox/loading_background.png]
[simgeotokiralama.com/wp-content/plugins/yith-woocommerce-compare/assets/images/colorbox/loading.gif]
[simgeotokiralama.com/wp-content/plugins/yith-woocommerce-compare/assets/css/colorbox13ac.css]
[simgeotokiralama.com/wp-content/plugins/yith-woocommerce-quick-view/assets/css/yith-quick-view9793.css]
[simgeotokiralama.com/wp-content/themes/bosa/assets/bootstrap/css/bootstrap.min380f.css]
[simgeotokiralama.com/wp-content/themes/bosa/assets/slick/slick380f.css]
[simgeotokiralama.com/wp-content/themes/bosa/assets/css/slicknav.min380f.css]
[simgeotokiralama.com/wp-content/themes/bosa/assets/slick/ajax-loader.gif]
[simgeotokiralama.com/wp-content/themes/bosa/assets/slick/fonts/slick.eot]
[simgeotokiralama.com/wp-content/themes/bosa/assets/slick/fonts/slickd41d.eot]
[simgeotokiralama.com/wp-content/themes/bosa/assets/slick/fonts/slick.woff]
[simgeotokiralama.com/wp-content/themes/bosa/assets/slick/fonts/slick.ttf]
[simgeotokiralama.com/wp-content/themes/bosa/assets/slick/slick-theme380f.css]
[simgeotokiralama.com/wp-content/themes/bosa/assets/slick/fonts/slick.svg]
[simgeotokiralama.com/wp-content/themes/bosa/assets/font-awesome/webfonts/fa-brands-400.woff2]
[simgeotokiralama.com/wp-content/themes/bosa/assets/font-awesome/webfonts/fa-brands-400.ttf]
[simgeotokiralama.com/wp-content/themes/bosa/assets/font-awesome/webfonts/fa-regular-400.woff2]
[simgeotokiralama.com/wp-content/themes/bosa/assets/font-awesome/webfonts/fa-regular-400.ttf]
[simgeotokiralama.com/wp-content/themes/bosa/assets/font-awesome/webfonts/fa-solid-900.woff2]
[simgeotokiralama.com/wp-content/themes/bosa/assets/font-awesome/webfonts/fa-solid-900.ttf]
[simgeotokiralama.com/wp-content/themes/bosa/assets/font-awesome/webfonts/fa-v4compatibility.woff2]
[simgeotokiralama.com/wp-content/themes/bosa/assets/font-awesome/css/all.min380f.css]
[simgeotokiralama.com/wp-content/themes/bosa/assets/css/blocks.min380f.css]
[simgeotokiralama.com/wp-content/themes/bosa/style380f.css]
[simgeotokiralama.com/wp-content/themes/bosa/assets/font-awesome/webfonts/fa-v4compatibility.ttf]
[simgeotokiralama.com/wp-content/fonts/jost/92zUtBhPNqw73oHt5D4hTxM.woff2]
[simgeotokiralama.com/wp-content/fonts/jost/92zUtBhPNqw73oHt7j4hTxM.woff2]
[simgeotokiralama.com/wp-content/fonts/jost/92zUtBhPNqw73oHt4D4h.woff2]
[simgeotokiralama.com/wp-content/fonts/34717091035465d3100dc15b47f9ef00380f.css]
[simgeotokiralama.com/wp-content/fonts/poppins/pxiAyp8kv8JHgFVrJJLmE0tMMPKzSQ.woff2]
[simgeotokiralama.com/wp-content/fonts/poppins/pxiAyp8kv8JHgFVrJJLmE0tCMPI.woff2]
[simgeotokiralama.com/wp-content/fonts/poppins/pxiDyp8kv8JHgFVrJJLmv1pVGdeOcEg.woff2]
[simgeotokiralama.com/wp-content/fonts/poppins/pxiDyp8kv8JHgFVrJJLmv1pVF9eO.woff2]
[simgeotokiralama.com/wp-content/fonts/poppins/pxiDyp8kv8JHgFVrJJLm21lVGdeOcEg.woff2]
[simgeotokiralama.com/wp-content/fonts/poppins/pxiDyp8kv8JHgFVrJJLm21lVF9eO.woff2]
[simgeotokiralama.com/wp-content/fonts/poppins/pxiGyp8kv8JHgFVrJJLufntAKPY.woff2]
[simgeotokiralama.com/wp-content/fonts/poppins/pxiGyp8kv8JHgFVrJJLucHtA.woff2]
[simgeotokiralama.com/wp-content/fonts/poppins/pxiDyp8kv8JHgFVrJJLmg1hVGdeOcEg.woff2]
[simgeotokiralama.com/wp-content/fonts/poppins/pxiDyp8kv8JHgFVrJJLmg1hVF9eO.woff2]
[simgeotokiralama.com/wp-content/fonts/poppins/pxiDyp8kv8JHgFVrJJLmr19VGdeOcEg.woff2]
[simgeotokiralama.com/wp-content/fonts/poppins/pxiDyp8kv8JHgFVrJJLmr19VF9eO.woff2]
[simgeotokiralama.com/wp-content/fonts/poppins/pxiDyp8kv8JHgFVrJJLmy15VGdeOcEg.woff2]
[simgeotokiralama.com/wp-content/fonts/poppins/pxiDyp8kv8JHgFVrJJLmy15VF9eO.woff2]
[simgeotokiralama.com/wp-content/fonts/poppins/pxiDyp8kv8JHgFVrJJLm111VGdeOcEg.woff2]
[simgeotokiralama.com/wp-content/fonts/poppins/pxiDyp8kv8JHgFVrJJLm111VF9eO.woff2]
[simgeotokiralama.com/wp-content/fonts/poppins/pxiDyp8kv8JHgFVrJJLm81xVGdeOcEg.woff2]
[simgeotokiralama.com/wp-content/fonts/poppins/pxiDyp8kv8JHgFVrJJLm81xVF9eO.woff2]
[simgeotokiralama.com/wp-content/fonts/poppins/pxiGyp8kv8JHgFVrLPTufntAKPY.woff2]
[simgeotokiralama.com/wp-content/fonts/poppins/pxiGyp8kv8JHgFVrLPTucHtA.woff2]
[simgeotokiralama.com/wp-content/fonts/poppins/pxiByp8kv8JHgFVrLFj_Z1JlFc-K.woff2]
[simgeotokiralama.com/wp-content/fonts/poppins/pxiByp8kv8JHgFVrLFj_Z1xlFQ.woff2]
[simgeotokiralama.com/wp-content/fonts/poppins/pxiByp8kv8JHgFVrLDz8Z1JlFc-K.woff2]
[simgeotokiralama.com/wp-content/fonts/poppins/pxiByp8kv8JHgFVrLDz8Z1xlFQ.woff2]
[simgeotokiralama.com/wp-content/fonts/poppins/pxiByp8kv8JHgFVrLCz7Z1JlFc-K.woff2]
[simgeotokiralama.com/wp-content/fonts/poppins/pxiByp8kv8JHgFVrLCz7Z1xlFQ.woff2]
[simgeotokiralama.com/wp-content/fonts/poppins/pxiByp8kv8JHgFVrLDD4Z1JlFc-K.woff2]
[simgeotokiralama.com/wp-content/fonts/poppins/pxiByp8kv8JHgFVrLDD4Z1xlFQ.woff2]
[simgeotokiralama.com/wp-content/fonts/poppins/pxiByp8kv8JHgFVrLBT5Z1JlFc-K.woff2]
[simgeotokiralama.com/wp-content/fonts/poppins/pxiByp8kv8JHgFVrLBT5Z1xlFQ.woff2]
[simgeotokiralama.com/wp-content/fonts/cbebbb9a142c05f64afe54a72a6fe1fa380f.css]
[simgeotokiralama.com/wp-content/themes/bosa-rental-car/style380f.css]
[simgeotokiralama.com/wp-content/plugins/elementskit-lite/modules/elementskit-icon-pack/assets/fonts/elementskit97ac.woff]
[simgeotokiralama.com/wp-content/plugins/elementskit-lite/modules/elementskit-icon-pack/assets/css/ekiticonsaeb9.css]
[simgeotokiralama.com/wp-content/plugins/elementor/assets/css/frontend-lite.min1cb5.css]
[simgeotokiralama.com/wp-content/plugins/elementor/assets/lib/swiper/v8/css/swiper.min94a4.css]
[simgeotokiralama.com/wp-content/uploads/elementor/css/post-1441c9.css]
[simgeotokiralama.com/wp-content/uploads/elementor/css/global41c9.css]
[demo.bosathemes.com/bosa/rental-car/wp-content/uploads/sites/90/2023/12/image08.png]
[simgeotokiralama.com/wp-content/uploads/2024/05/WhatsApp-Image-2024-05-15-at-11.43.15.jpg]
[demo.bosathemes.com/bosa/rental-car/wp-content/uploads/sites/90/2023/12/arrow1.png]
[demo.bosathemes.com/bosa/rental-car/wp-content/uploads/sites/90/2023/12/arrow2.png]
[simgeotokiralama.com/wp-content/uploads/elementor/css/post-69a499.css]
[simgeotokiralama.com/wp-content/uploads/2024/05/ofis-img.jpg]
[simgeotokiralama.com/wp-content/plugins/elementskit-lite/widgets/init/assets/img/arrow.png]
[simgeotokiralama.com/wp-content/plugins/elementskit-lite/widgets/init/assets/img/sort_asc.png]
[simgeotokiralama.com/wp-content/plugins/elementskit-lite/widgets/init/assets/img/sort_desc.png]
[simgeotokiralama.com/wp-content/plugins/elementskit-lite/widgets/init/assets/img/sort_asc_disabled.png]
[simgeotokiralama.com/wp-content/plugins/elementskit-lite/widgets/init/assets/css/widget-stylesaeb9.css]
[simgeotokiralama.com/wp-content/plugins/elementskit-lite/widgets/init/assets/css/responsiveaeb9.css]
[simgeotokiralama.com/wp-content/plugins/elementskit-lite/widgets/init/assets/img/cross-out.svg]
[simgeotokiralama.com/wp-content/uploads/elementor/css/post-67c4e3.css]
[simgeotokiralama.com/wp-json/wp/v2/pages/67.json]
[simgeotokiralama.com/wp-json/oembed/1.0/embed6b23.json]
[simgeotokiralama.com/wp-json/oembed/1.0/embed75a9]
[demo.bosathemes.com/bosa/rental-car/wp-content/uploads/sites/90/2023/12/image04.jpg]
[simgeotokiralama.com/wp-content/uploads/2024/05/WhatsApp-Image-2024-05-15-at-11.43.15-1-1024x768.jpg]
[simgeotokiralama.com/hakkimizda/index.html]
[simgeotokiralama.com/wp-content/uploads/elementor/css/post-397465f.css]
[simgeotokiralama.com/wp-json/wp/v2/pages/397.json]
[simgeotokiralama.com/wp-json/oembed/1.0/embed9e46.json]
[simgeotokiralama.com/wp-json/oembed/1.0/embede7af]
[simgeotokiralama.com/wp-content/uploads/2024/05/ford-coruier.png]
[simgeotokiralama.com/wp-content/uploads/2024/05/renault-megane-1.png]
[simgeotokiralama.com/wp-content/uploads/2024/05/renault-clio.png]
[simgeotokiralama.com/wp-content/uploads/2024/05/dacia-stepway.png]
[simgeotokiralama.com/wp-content/uploads/2024/05/hyundai-elentra.png]
[simgeotokiralama.com/wp-content/uploads/2024/05/renault-clio-hbag.png]
[simgeotokiralama.com/wp-content/uploads/2024/05/vw-golf.png]
[simgeotokiralama.com/wp-content/uploads/2024/05/dacia-lodgy.png]
[simgeotokiralama.com/wp-content/uploads/2024/05/renault-megane-touch.png]
[simgeotokiralama.com/filomuz/index.html]
[simgeotokiralama.com/wp-content/uploads/elementor/css/post-593036.css]
[simgeotokiralama.com/wp-json/wp/v2/pages/59.json]
[simgeotokiralama.com/wp-json/oembed/1.0/embed85f2.json]
[simgeotokiralama.com/musteri-yorumlari/index.html]
[simgeotokiralama.com/wp-json/oembed/1.0/embed0b8e]
[simgeotokiralama.com/wp-content/uploads/elementor/css/post-49962fb.css]
[simgeotokiralama.com/wp-json/wp/v2/pages/499.json]
[simgeotokiralama.com/wp-json/oembed/1.0/embede013.json]
[simgeotokiralama.com/wp-json/oembed/1.0/embed6ad3]
[simgeotokiralama.com/wp-content/uploads/2024/05/ofis-gorsel-2.jpg]
[simgeotokiralama.com/sikca-sorulan-sorular/index.html]
[simgeotokiralama.com/wp-content/uploads/elementor/css/post-65cde9.css]
[simgeotokiralama.com/wp-json/wp/v2/pages/65.json]
[simgeotokiralama.com/wp-json/oembed/1.0/embede42d.json]
[simgeotokiralama.com/iletisim/index.html]
[simgeotokiralama.com/wp-content/plugins/elementor/assets/css/widget-icon-box.min.css]
[simgeotokiralama.com/wp-content/plugins/elementor/assets/css/widget-icon-list.min.css]
[simgeotokiralama.com/cdn-cgi/l/email-protection.html]
[simgeotokiralama.com/wp-content/plugins/woocommerce/assets/client/blocks/wc-blocks144e.css]
[simgeotokiralama.com/wp-json/oembed/1.0/embed4d9a]
[simgeotokiralama.com/wp-content/plugins/woocommerce/assets/css/photoswipe/default-skin/default-skin.png]
[simgeotokiralama.com/wp-content/plugins/woocommerce/assets/css/photoswipe/photoswipe.min27f0.css]
[simgeotokiralama.com/wp-content/plugins/woocommerce/assets/css/photoswipe/default-skin/default-skin.svg]
[simgeotokiralama.com/wp-content/plugins/woocommerce/assets/css/photoswipe/default-skin/preloader.gif]
[simgeotokiralama.com/wp-content/plugins/woocommerce/assets/css/photoswipe/default-skin/default-skin.min27f0.css]
[simgeotokiralama.com/wp-content/plugins/bosa-elementor-for-woocommerce/assets/css/owl.video.play.png]
[simgeotokiralama.com/wp-content/plugins/bosa-elementor-for-woocommerce/assets/css/owl-carousel-min380f.css]
[simgeotokiralama.com/wp-content/plugins/bosa-elementor-for-woocommerce/assets/css/owl.theme.default.min380f.css]
[simgeotokiralama.com/wp-content/plugins/bosa-elementor-for-woocommerce/assets/style380f.css]
[simgeotokiralama.com/wp-content/plugins/yith-woocommerce-wishlist/assets/fonts/fontawesome-webfont3e6e.svg]
[simgeotokiralama.com/wp-content/plugins/woocommerce/assets/images/icons/loader.svg]
[simgeotokiralama.com/wp-content/plugins/woocommerce/assets/images/icons/credit-cards/visa.svg]
[simgeotokiralama.com/wp-content/plugins/woocommerce/assets/images/icons/credit-cards/mastercard.svg]
[simgeotokiralama.com/wp-content/plugins/woocommerce/assets/images/icons/credit-cards/laser.svg]
[simgeotokiralama.com/wp-content/plugins/woocommerce/assets/images/icons/credit-cards/diners.svg]
[simgeotokiralama.com/wp-content/plugins/woocommerce/assets/images/icons/credit-cards/maestro.svg]
[simgeotokiralama.com/wp-content/plugins/woocommerce/assets/images/icons/credit-cards/jcb.svg]
[simgeotokiralama.com/wp-content/plugins/woocommerce/assets/images/icons/credit-cards/amex.svg]
[simgeotokiralama.com/wp-content/plugins/woocommerce/assets/images/icons/credit-cards/discover.svg]
[simgeotokiralama.com/wp-content/themes/bosa/assets/slick/fonts/slick.svg]
[simgeotokiralama.com/wp-content/plugins/elementskit-lite/widgets/init/assets/img/cross-out.svg]
[simgeotokiralama.com/wp-content/uploads/elementor/css/post-67c4e3.css]
[simgeotokiralama.com/index96f1.html]
[simgeotokiralama.com/wp-content/uploads/elementor/css/post-397465f.css]
[simgeotokiralama.com/indexae62.html]
[simgeotokiralama.com/wp-content/uploads/elementor/css/post-593036.css]
[simgeotokiralama.com/index1098.html]
[simgeotokiralama.com/wp-content/uploads/2024/05/autozone-img33.png]
[simgeotokiralama.com/wp-content/uploads/elementor/css/post-49962fb.css]
[simgeotokiralama.com/indexa862.html]
[simgeotokiralama.com/wp-content/uploads/elementor/css/post-65cde9.css]
[simgeotokiralama.com/index7665.html]
[simgeotokiralama.com/wp-content/plugins/woocommerce/assets/css/photoswipe/default-skin/default-skin.svg]
[simgeotokiralama.com/wp-content/plugins/bosa-elementor-for-woocommerce/assets/css/owl.video.play.html]
